
2026-08-08 02:07:25,903 [INFO] Lade Forecast Suedost...
2026-08-08 02:07:26,038 [INFO] Suedost gespeichert: data/20260808_open_meteo_so.csv (48 Zeilen)
2026-08-08 02:07:26,038 [INFO] Lade Forecast Suedwest...
2026-08-08 02:07:26,162 [INFO] Suedwest gespeichert: data/20260808_open_meteo_sw.csv (48 Zeilen)
2026-08-08 02:07:26,166 [INFO] Gesamtforecast gespeichert: data/20260808_open_meteo_complete.csv
2026-08-08 02:17:18,194 [INFO] Lade Forecast Suedost...
2026-08-08 02:17:18,369 [INFO] Suedost gespeichert: data/20260808_open_meteo_so.csv (48 Zeilen)
2026-08-08 02:17:18,369 [INFO] Lade Forecast Suedwest...
2026-08-08 02:17:18,512 [INFO] Suedwest gespeichert: data/20260808_open_meteo_sw.csv (48 Zeilen)
2026-08-08 02:17:18,515 [INFO] Gesamtforecast gespeichert: data/20260808_open_meteo_complete.csv
2026-08-08 02:35:03,242 [INFO] Lade Forecast Suedost...
2026-08-08 02:35:03,492 [INFO] Suedost gespeichert: data/20260808_open_meteo_so.csv (48 Zeilen)
2026-08-08 02:35:03,492 [INFO] Lade Forecast Suedwest...
2026-08-08 02:35:03,635 [INFO] Suedwest gespeichert: data/20260808_open_meteo_sw.csv (48 Zeilen)
2026-08-08 02:35:03,644 [INFO] Gesamtforecast gespeichert: data/20260808_open_meteo_complete.csv
2026-08-08 03:22:12,199 [INFO] Lade Forecast Suedost...
2026-08-08 03:22:12,944 [INFO] Suedost gespeichert: data/20260808_open_meteo_so.csv (48 Zeilen)
2026-08-08 03:22:12,944 [INFO] Lade Forecast Suedwest...
2026-08-08 03:22:13,217 [INFO] Suedwest gespeichert: data/20260808_open_meteo_sw.csv (48 Zeilen)
2026-08-08 03:22:13,229 [INFO] Gesamtforecast gespeichert: data/20260808_open_meteo_complete.csv
2026-08-08 04:22:12,235 [INFO] Lade Forecast Suedost...
2026-08-08 04:22:12,521 [INFO] Suedost gespeichert: data/20260808_open_meteo_so.csv (48 Zeilen)
2026-08-08 04:22:12,521 [INFO] Lade Forecast Suedwest...
2026-08-08 04:22:12,657 [INFO] Suedwest gespeichert: data/20260808_open_meteo_sw.csv (48 Zeilen)
2026-08-08 04:22:12,667 [INFO] Gesamtforecast gespeichert: data/20260808_open_meteo_complete.csv
2026-08-08 05:22:12,720 [INFO] Lade Forecast Suedost...
2026-08-08 05:22:12,956 [INFO] Suedost gespeichert: data/20260808_open_meteo_so.csv (48 Zeilen)
2026-08-08 05:22:12,956 [INFO] Lade Forecast Suedwest...
2026-08-08 05:22:13,087 [INFO] Suedwest gespeichert: data/20260808_open_meteo_sw.csv (48 Zeilen)
2026-08-08 05:22:13,097 [INFO] Gesamtforecast gespeichert: data/20260808_open_meteo_complete.csv
2026-08-08 06:22:12,661 [INFO] Lade Forecast Suedost...
2026-08-08 06:22:12,923 [INFO] Suedost gespeichert: data/20260808_open_meteo_so.csv (48 Zeilen)
2026-08-08 06:22:12,923 [INFO] Lade Forecast Suedwest...
2026-08-08 06:22:13,066 [INFO] Suedwest gespeichert: data/20260808_open_meteo_sw.csv (48 Zeilen)
2026-08-08 06:22:13,088 [INFO] Gesamtforecast gespeichert: data/20260808_open_meteo_complete.csv
2026-08-08 07:22:11,430 [INFO] Lade Forecast Suedost...
2026-08-08 07:22:11,587 [INFO] Suedost gespeichert: data/20260808_open_meteo_so.csv (48 Zeilen)
2026-08-08 07:22:11,587 [INFO] Lade Forecast Suedwest...
2026-08-08 07:22:11,721 [INFO] Suedwest gespeichert: data/20260808_open_meteo_sw.csv (48 Zeilen)
2026-08-08 07:22:11,723 [INFO] Gesamtforecast gespeichert: data/20260808_open_meteo_complete.csv
2026-08-08 08:22:11,523 [INFO] Lade Forecast Suedost...
2026-08-08 08:22:11,682 [INFO] Suedost gespeichert: data/20260808_open_meteo_so.csv (48 Zeilen)
2026-08-08 08:22:11,682 [INFO] Lade Forecast Suedwest...
2026-08-08 08:22:11,817 [INFO] Suedwest gespeichert: data/20260808_open_meteo_sw.csv (48 Zeilen)
2026-08-08 08:22:11,820 [INFO] Gesamtforecast gespeichert: data/20260808_open_meteo_complete.csv
2026-08-08 09:22:12,658 [INFO] Lade Forecast Suedost...
2026-08-08 09:22:13,066 [INFO] Suedost gespeichert: data/20260808_open_meteo_so.csv (48 Zeilen)
2026-08-08 09:22:13,066 [INFO] Lade Forecast Suedwest...
2026-08-08 09:22:13,325 [INFO] Suedwest gespeichert: data/20260808_open_meteo_sw.csv (48 Zeilen)
2026-08-08 09:22:13,335 [INFO] Gesamtforecast gespeichert: data/20260808_open_meteo_complete.csv
2026-08-08 10:22:12,419 [INFO] Lade Forecast Suedost...
2026-08-08 10:22:12,658 [INFO] Suedost gespeichert: data/20260808_open_meteo_so.csv (48 Zeilen)
2026-08-08 10:22:12,658 [INFO] Lade Forecast Suedwest...
2026-08-08 10:22:12,799 [INFO] Suedwest gespeichert: data/20260808_open_meteo_sw.csv (48 Zeilen)
2026-08-08 10:22:12,810 [INFO] Gesamtforecast gespeichert: data/20260808_open_meteo_complete.csv
2026-08-08 11:22:12,804 [INFO] Lade Forecast Suedost...
2026-08-08 11:22:13,048 [INFO] Suedost gespeichert: data/20260808_open_meteo_so.csv (48 Zeilen)
2026-08-08 11:22:13,048 [INFO] Lade Forecast Suedwest...
2026-08-08 11:22:13,182 [INFO] Suedwest gespeichert: data/20260808_open_meteo_sw.csv (48 Zeilen)
2026-08-08 11:22:13,192 [INFO] Gesamtforecast gespeichert: data/20260808_open_meteo_complete.csv
2026-08-08 12:22:12,334 [INFO] Lade Forecast Suedost...
2026-08-08 12:22:12,573 [INFO] Suedost gespeichert: data/20260808_open_meteo_so.csv (48 Zeilen)
2026-08-08 12:22:12,573 [INFO] Lade Forecast Suedwest...
2026-08-08 12:22:12,710 [INFO] Suedwest gespeichert: data/20260808_open_meteo_sw.csv (48 Zeilen)
2026-08-08 12:22:12,714 [INFO] Gesamtforecast gespeichert: data/20260808_open_meteo_complete.csv
2026-08-08 12:36:49,679 [INFO] Lade Forecast Suedost...
2026-08-08 12:36:49,919 [INFO] Suedost gespeichert: data/20260808_open_meteo_so.csv (48 Zeilen)
2026-08-08 12:36:49,919 [INFO] Lade Forecast Suedwest...
2026-08-08 12:36:50,053 [INFO] Suedwest gespeichert: data/20260808_open_meteo_sw.csv (48 Zeilen)
2026-08-08 12:36:50,057 [INFO] Gesamtforecast gespeichert: data/20260808_open_meteo_complete.csv
2026-08-08 12:38:23,874 [INFO] Lade Forecast Suedost...
2026-08-08 12:38:24,034 [INFO] Suedost gespeichert: data/20260808_open_meteo_so.csv (48 Zeilen)
2026-08-08 12:38:24,034 [INFO] Lade Forecast Suedwest...
2026-08-08 12:38:24,181 [INFO] Suedwest gespeichert: data/20260808_open_meteo_sw.csv (48 Zeilen)
2026-08-08 12:38:24,184 [INFO] Gesamtforecast gespeichert: data/20260808_open_meteo_complete.csv
2026-08-08 12:39:44,599 [INFO] Lade Forecast Suedost...
2026-08-08 12:39:44,738 [INFO] Suedost gespeichert: data/20260808_open_meteo_so.csv (48 Zeilen)
2026-08-08 12:39:44,738 [INFO] Lade Forecast Suedwest...
2026-08-08 12:39:44,860 [INFO] Suedwest gespeichert: data/20260808_open_meteo_sw.csv (48 Zeilen)
2026-08-08 12:39:44,862 [INFO] Gesamtforecast gespeichert: data/20260808_open_meteo_complete.csv
2026-08-08 13:22:12,043 [INFO] Lade Forecast Suedost...
2026-08-08 13:22:12,221 [INFO] Suedost gespeichert: data/20260808_open_meteo_so.csv (48 Zeilen)
2026-08-08 13:22:12,221 [INFO] Lade Forecast Suedwest...
2026-08-08 13:22:12,370 [INFO] Suedwest gespeichert: data/20260808_open_meteo_sw.csv (48 Zeilen)
2026-08-08 13:22:12,373 [INFO] Gesamtforecast gespeichert: data/20260808_open_meteo_complete.csv
2026-08-08 14:22:11,613 [INFO] Lade Forecast Suedost...
2026-08-08 14:22:11,773 [INFO] Suedost gespeichert: data/20260808_open_meteo_so.csv (48 Zeilen)
2026-08-08 14:22:11,773 [INFO] Lade Forecast Suedwest...
2026-08-08 14:22:11,899 [INFO] Suedwest gespeichert: data/20260808_open_meteo_sw.csv (48 Zeilen)
2026-08-08 14:22:11,902 [INFO] Gesamtforecast gespeichert: data/20260808_open_meteo_complete.csv
2026-08-08 15:22:13,016 [INFO] Lade Forecast Suedost...
2026-08-08 15:22:13,300 [INFO] Suedost gespeichert: data/20260808_open_meteo_so.csv (48 Zeilen)
2026-08-08 15:22:13,301 [INFO] Lade Forecast Suedwest...
2026-08-08 15:22:13,445 [INFO] Suedwest gespeichert: data/20260808_open_meteo_sw.csv (48 Zeilen)
2026-08-08 15:22:13,471 [INFO] Gesamtforecast gespeichert: data/20260808_open_meteo_complete.csv
2026-08-08 16:22:12,649 [INFO] Lade Forecast Suedost...
2026-08-08 16:22:12,920 [INFO] Suedost gespeichert: data/20260808_open_meteo_so.csv (48 Zeilen)
2026-08-08 16:22:12,920 [INFO] Lade Forecast Suedwest...
2026-08-08 16:22:13,091 [INFO] Suedwest gespeichert: data/20260808_open_meteo_sw.csv (48 Zeilen)
2026-08-08 16:22:13,103 [INFO] Gesamtforecast gespeichert: data/20260808_open_meteo_complete.csv
2026-08-08 17:22:12,940 [INFO] Lade Forecast Suedost...
2026-08-08 17:22:13,211 [INFO] Suedost gespeichert: data/20260808_open_meteo_so.csv (48 Zeilen)
2026-08-08 17:22:13,211 [INFO] Lade Forecast Suedwest...
2026-08-08 17:22:13,337 [INFO] Suedwest gespeichert: data/20260808_open_meteo_sw.csv (48 Zeilen)
2026-08-08 17:22:13,356 [INFO] Gesamtforecast gespeichert: data/20260808_open_meteo_complete.csv
2026-08-08 18:22:12,708 [INFO] Lade Forecast Suedost...
2026-08-08 18:22:12,940 [INFO] Suedost gespeichert: data/20260808_open_meteo_so.csv (48 Zeilen)
2026-08-08 18:22:12,940 [INFO] Lade Forecast Suedwest...
2026-08-08 18:22:13,063 [INFO] Suedwest gespeichert: data/20260808_open_meteo_sw.csv (48 Zeilen)
2026-08-08 18:22:13,074 [INFO] Gesamtforecast gespeichert: data/20260808_open_meteo_complete.csv
2026-08-08 19:22:13,080 [INFO] Lade Forecast Suedost...
2026-08-08 19:22:13,309 [INFO] Suedost gespeichert: data/20260808_open_meteo_so.csv (48 Zeilen)
2026-08-08 19:22:13,309 [INFO] Lade Forecast Suedwest...
2026-08-08 19:22:13,431 [INFO] Suedwest gespeichert: data/20260808_open_meteo_sw.csv (48 Zeilen)
2026-08-08 19:22:13,443 [INFO] Gesamtforecast gespeichert: data/20260808_open_meteo_complete.csv
2026-08-08 20:22:12,512 [INFO] Lade Forecast Suedost...
2026-08-08 20:22:12,743 [INFO] Suedost gespeichert: data/20260808_open_meteo_so.csv (48 Zeilen)
2026-08-08 20:22:12,743 [INFO] Lade Forecast Suedwest...
2026-08-08 20:22:12,866 [INFO] Suedwest gespeichert: data/20260808_open_meteo_sw.csv (48 Zeilen)
2026-08-08 20:22:12,877 [INFO] Gesamtforecast gespeichert: data/20260808_open_meteo_complete.csv
2026-08-08 21:22:12,684 [INFO] Lade Forecast Suedost...
2026-08-08 21:22:12,912 [INFO] Suedost gespeichert: data/20260808_open_meteo_so.csv (48 Zeilen)
2026-08-08 21:22:12,912 [INFO] Lade Forecast Suedwest...
2026-08-08 21:22:13,037 [INFO] Suedwest gespeichert: data/20260808_open_meteo_sw.csv (48 Zeilen)
2026-08-08 21:22:13,050 [INFO] Gesamtforecast gespeichert: data/20260808_open_meteo_complete.csv
2026-08-08 22:22:12,212 [INFO] Lade Forecast Suedost...
2026-08-08 22:22:12,439 [INFO] Suedost gespeichert: data/20260808_open_meteo_so.csv (48 Zeilen)
2026-08-08 22:22:12,439 [INFO] Lade Forecast Suedwest...
2026-08-08 22:22:12,562 [INFO] Suedwest gespeichert: data/20260808_open_meteo_sw.csv (48 Zeilen)
2026-08-08 22:22:12,574 [INFO] Gesamtforecast gespeichert: data/20260808_open_meteo_complete.csv
2026-08-08 23:22:12,490 [INFO] Lade Forecast Suedost...
2026-08-08 23:22:12,722 [INFO] Suedost gespeichert: data/20260808_open_meteo_so.csv (48 Zeilen)
2026-08-08 23:22:12,722 [INFO] Lade Forecast Suedwest...
2026-08-08 23:22:12,849 [INFO] Suedwest gespeichert: data/20260808_open_meteo_sw.csv (48 Zeilen)
2026-08-08 23:22:12,859 [INFO] Gesamtforecast gespeichert: data/20260808_open_meteo_complete.csv
2026-08-09 00:22:13,340 [INFO] Lade Forecast Suedost...
2026-08-09 00:22:13,597 [INFO] Suedost gespeichert: data/20260809_open_meteo_so.csv (48 Zeilen)
2026-08-09 00:22:13,598 [INFO] Lade Forecast Suedwest...
2026-08-09 00:22:13,723 [INFO] Suedwest gespeichert: data/20260809_open_meteo_sw.csv (48 Zeilen)
2026-08-09 00:22:13,734 [INFO] Gesamtforecast gespeichert: data/20260809_open_meteo_complete.csv
2026-08-09 01:22:12,715 [INFO] Lade Forecast Suedost...
2026-08-09 01:22:12,974 [INFO] Suedost gespeichert: data/20260809_open_meteo_so.csv (48 Zeilen)
2026-08-09 01:22:12,974 [INFO] Lade Forecast Suedwest...
2026-08-09 01:22:13,101 [INFO] Suedwest gespeichert: data/20260809_open_meteo_sw.csv (48 Zeilen)
2026-08-09 01:22:13,120 [INFO] Gesamtforecast gespeichert: data/20260809_open_meteo_complete.csv
2026-08-09 02:22:12,292 [INFO] Lade Forecast Suedost...
2026-08-09 02:22:12,668 [INFO] Suedost gespeichert: data/20260809_open_meteo_so.csv (48 Zeilen)
2026-08-09 02:22:12,668 [INFO] Lade Forecast Suedwest...
2026-08-09 02:22:12,891 [INFO] Suedwest gespeichert: data/20260809_open_meteo_sw.csv (48 Zeilen)
2026-08-09 02:22:12,903 [INFO] Gesamtforecast gespeichert: data/20260809_open_meteo_complete.csv
2026-08-09 03:22:12,768 [INFO] Lade Forecast Suedost...
2026-08-09 03:22:13,044 [INFO] Suedost gespeichert: data/20260809_open_meteo_so.csv (48 Zeilen)
2026-08-09 03:22:13,044 [INFO] Lade Forecast Suedwest...
2026-08-09 03:22:13,183 [INFO] Suedwest gespeichert: data/20260809_open_meteo_sw.csv (48 Zeilen)
2026-08-09 03:22:13,200 [INFO] Gesamtforecast gespeichert: data/20260809_open_meteo_complete.csv
2026-08-11 23:00:47,554 [INFO] Lade Forecast Suedost...
2026-08-11 23:00:47,775 [INFO] Suedost gespeichert: data/20260811_open_meteo_so.csv (48 Zeilen)
2026-08-11 23:00:47,775 [INFO] Lade Forecast Suedwest...
2026-08-11 23:00:47,903 [INFO] Suedwest gespeichert: data/20260811_open_meteo_sw.csv (48 Zeilen)
2026-08-11 23:00:47,907 [INFO] Gesamtforecast gespeichert: data/20260811_open_meteo_complete.csv
2026-08-12 08:02:10,445 [INFO] Lade Forecast Suedost...
2026-08-12 08:02:10,708 [INFO] Suedost gespeichert: data/20260812_open_meteo_so.csv (48 Zeilen)
2026-08-12 08:02:10,709 [INFO] Lade Forecast Suedwest...
2026-08-12 08:02:10,838 [INFO] Suedwest gespeichert: data/20260812_open_meteo_sw.csv (48 Zeilen)
2026-08-12 08:02:10,853 [INFO] Gesamtforecast gespeichert: data/20260812_open_meteo_complete.csv
2026-08-13 07:48:01,022 [INFO] Lade Forecast Suedost...
2026-08-13 07:48:01,318 [INFO] Suedost gespeichert: data/20260813_open_meteo_so.csv (48 Zeilen)
2026-08-13 07:48:01,318 [INFO] Lade Forecast Suedwest...
2026-08-13 07:48:01,454 [INFO] Suedwest gespeichert: data/20260813_open_meteo_sw.csv (48 Zeilen)
2026-08-13 07:48:01,468 [INFO] Gesamtforecast gespeichert: data/20260813_open_meteo_complete.csv
2026-08-13 20:43:22,128 [INFO] Lade Forecast Suedost...
2026-08-13 20:43:22,374 [INFO] Suedost gespeichert: data/20260813_open_meteo_so.csv (48 Zeilen)
2026-08-13 20:43:22,374 [INFO] Lade Forecast Suedwest...
2026-08-13 20:43:22,508 [INFO] Suedwest gespeichert: data/20260813_open_meteo_sw.csv (48 Zeilen)
2026-08-13 20:43:22,519 [INFO] Gesamtforecast gespeichert: data/20260813_open_meteo_complete.csv
2026-08-13 20:52:52,474 [INFO] Lade Forecast Suedost...
2026-08-13 20:52:52,700 [INFO] Suedost gespeichert: data/20260813_open_meteo_so.csv (48 Zeilen)
2026-08-13 20:52:52,700 [INFO] Lade Forecast Suedwest...
2026-08-13 20:52:52,823 [INFO] Suedwest gespeichert: data/20260813_open_meteo_sw.csv (48 Zeilen)
2026-08-13 20:52:52,825 [INFO] Gesamtforecast gespeichert: data/20260813_open_meteo_complete.csv
2026-08-13 22:12:05,983 [INFO] Lade historischen Forecast Suedost...
2026-08-13 22:24:16,060 [INFO] Lade historischen Forecast Suedost...
2026-08-13 22:24:16,474 [INFO] Historischer Suedost gespeichert: data/20230601_open_meteo_historical_so.csv (24 Zeilen)
2026-08-13 22:24:16,474 [INFO] Lade historischen Forecast Suedwest...
2026-08-13 22:24:16,608 [INFO] Historischer Suedwest gespeichert: data/20230601_open_meteo_historical_sw.csv (24 Zeilen)
2026-08-13 22:27:08,243 [INFO] Lade historischen Forecast Suedost...
2026-08-13 22:27:09,331 [INFO] Historischer Suedost gespeichert: data/20230811_open_meteo_historical_so.csv (24 Zeilen)
2026-08-13 22:27:09,331 [INFO] Lade historischen Forecast Suedwest...
2026-08-13 22:27:11,574 [INFO] Historischer Suedwest gespeichert: data/20230811_open_meteo_historical_sw.csv (24 Zeilen)
2026-08-13 22:28:50,651 [INFO] Lade historischen Forecast Suedost...
2026-08-13 22:28:50,828 [INFO] Historischer Suedost gespeichert: data/20260811_open_meteo_historical_so.csv (24 Zeilen)
2026-08-13 22:28:50,828 [INFO] Lade historischen Forecast Suedwest...
2026-08-13 22:28:50,958 [INFO] Historischer Suedwest gespeichert: data/20260811_open_meteo_historical_sw.csv (24 Zeilen)
2026-08-13 22:30:58,062 [INFO] Lade historischen Forecast Suedost...
2026-08-13 22:30:58,247 [INFO] Historischer Suedost gespeichert: data/20260810_open_meteo_historical_so.csv (24 Zeilen)
2026-08-13 22:30:58,247 [INFO] Lade historischen Forecast Suedwest...
2026-08-13 22:30:58,377 [INFO] Historischer Suedwest gespeichert: data/20260810_open_meteo_historical_sw.csv (24 Zeilen)
2026-08-13 22:35:35,504 [INFO] Lade historischen Forecast Suedost...
2026-08-13 22:35:35,708 [INFO] Historischer Suedost gespeichert: data/20260810_open_meteo_so.csv (24 Zeilen)
2026-08-13 22:35:35,708 [INFO] Lade historischen Forecast Suedwest...
2026-08-13 22:39:14,097 [INFO] Lade historischen Forecast Suedost...
2026-08-13 22:39:17,064 [INFO] Historischer Suedost gespeichert: data/20260810_open_meteo_so.csv (24 Zeilen)
2026-08-13 22:39:17,065 [INFO] Lade historischen Forecast Suedwest...
2026-08-13 22:39:17,763 [INFO] Historischer Suedwest gespeichert: data/20260810_open_meteo_complete.csv (24 Zeilen)
2026-08-14 07:59:35,175 [INFO] Lade Forecast Suedost...
2026-08-14 07:59:35,630 [INFO] Suedost gespeichert: data/20260814_open_meteo_so.csv (48 Zeilen)
2026-08-14 07:59:35,631 [INFO] Lade Forecast Suedwest...
2026-08-14 07:59:35,851 [INFO] Suedwest gespeichert: data/20260814_open_meteo_sw.csv (48 Zeilen)
2026-08-14 07:59:35,864 [INFO] Gesamtforecast gespeichert: data/20260814_open_meteo_complete.csv
2026-08-15 13:38:23,482 [INFO] Lade Forecast Suedost...
2026-08-15 13:38:23,730 [INFO] Suedost gespeichert: data/20260815_open_meteo_so.csv (48 Zeilen)
2026-08-15 13:38:23,730 [INFO] Lade Forecast Suedwest...
2026-08-15 13:38:23,869 [INFO] Suedwest gespeichert: data/20260815_open_meteo_sw.csv (48 Zeilen)
2026-08-15 13:38:23,881 [INFO] Gesamtforecast gespeichert: data/20260815_open_meteo_complete.csv
2026-08-17 09:06:59,413 [INFO] Lade Forecast Suedost...
2026-08-17 09:06:59,724 [INFO] Suedost gespeichert: data/20260817_open_meteo_so.csv (48 Zeilen)
2026-08-17 09:06:59,724 [INFO] Lade Forecast Suedwest...
2026-08-17 09:06:59,868 [INFO] Suedwest gespeichert: data/20260817_open_meteo_sw.csv (48 Zeilen)
2026-08-17 09:06:59,890 [INFO] Gesamtforecast gespeichert: data/20260817_open_meteo_complete.csv
2026-08-17 09:10:13,972 [INFO] Lade Forecast Suedost...
2026-08-17 09:10:14,212 [INFO] Suedost gespeichert: data/20260817_open_meteo_so.csv (48 Zeilen)
2026-08-17 09:10:14,212 [INFO] Lade Forecast Suedwest...
2026-08-17 09:10:14,352 [INFO] Suedwest gespeichert: data/20260817_open_meteo_sw.csv (48 Zeilen)
2026-08-17 09:10:14,364 [INFO] Gesamtforecast gespeichert: data/20260817_open_meteo_complete.csv
2026-08-18 14:17:49,615 [INFO] Lade Forecast Suedost...
2026-08-18 14:17:49,916 [INFO] Suedost gespeichert: data/20260818_open_meteo_so.csv (48 Zeilen)
2026-08-18 14:17:49,916 [INFO] Lade Forecast Suedwest...
2026-08-18 14:17:50,049 [INFO] Suedwest gespeichert: data/20260818_open_meteo_sw.csv (48 Zeilen)
2026-08-18 14:17:50,096 [INFO] Gesamtforecast gespeichert: data/20260818_open_meteo_complete.csv
2026-08-18 14:42:37,918 [INFO] Lade Forecast Suedost...
2026-08-18 14:42:38,162 [INFO] Suedost gespeichert: data/20260818_open_meteo_so.csv (48 Zeilen)
2026-08-18 14:42:38,163 [INFO] Lade Forecast Suedwest...
2026-08-18 14:42:38,299 [INFO] Suedwest gespeichert: data/20260818_open_meteo_sw.csv (48 Zeilen)
2026-08-18 14:42:38,309 [INFO] Gesamtforecast gespeichert: data/20260818_open_meteo_complete.csv
2026-08-18 15:35:57,069 [INFO] Lade Forecast Suedost...
2026-08-18 15:35:57,364 [INFO] Suedost gespeichert: data/20260818_open_meteo_so.csv (48 Zeilen)
2026-08-18 15:35:57,364 [INFO] Lade Forecast Suedwest...
2026-08-18 15:35:57,490 [INFO] Suedwest gespeichert: data/20260818_open_meteo_sw.csv (48 Zeilen)
2026-08-18 15:35:57,526 [INFO] Gesamtforecast gespeichert: data/20260818_open_meteo_complete.csv
2026-08-18 15:42:37,809 [INFO] Lade Forecast Suedost...
2026-08-18 15:42:38,011 [INFO] Suedost gespeichert: data/20260818_open_meteo_so.csv (48 Zeilen)
2026-08-18 15:42:38,011 [INFO] Lade Forecast Suedwest...
2026-08-18 15:42:38,134 [INFO] Suedwest gespeichert: data/20260818_open_meteo_sw.csv (48 Zeilen)
2026-08-18 15:42:38,146 [INFO] Gesamtforecast gespeichert: data/20260818_open_meteo_complete.csv
2026-08-18 16:03:06,690 [INFO] Lade Forecast Suedost...
2026-08-18 16:03:06,915 [INFO] Suedost gespeichert: data/20260818_open_meteo_so.csv (48 Zeilen)
2026-08-18 16:03:06,915 [INFO] Lade Forecast Suedwest...
2026-08-18 16:03:07,042 [INFO] Suedwest gespeichert: data/20260818_open_meteo_sw.csv (48 Zeilen)
2026-08-18 16:03:07,072 [INFO] Gesamtforecast gespeichert: data/20260818_open_meteo_complete.csv
2026-08-18 16:35:56,383 [INFO] Lade Forecast Suedost...
2026-08-18 16:35:56,636 [INFO] Suedost gespeichert: data/20260818_open_meteo_so.csv (48 Zeilen)
2026-08-18 16:35:56,636 [INFO] Lade Forecast Suedwest...
2026-08-18 16:35:56,763 [INFO] Suedwest gespeichert: data/20260818_open_meteo_sw.csv (48 Zeilen)
2026-08-18 16:35:56,773 [INFO] Gesamtforecast gespeichert: data/20260818_open_meteo_complete.csv
2026-08-18 16:42:37,637 [INFO] Lade Forecast Suedost...
2026-08-18 16:42:37,858 [INFO] Suedost gespeichert: data/20260818_open_meteo_so.csv (48 Zeilen)
2026-08-18 16:42:37,858 [INFO] Lade Forecast Suedwest...
2026-08-18 16:42:37,994 [INFO] Suedwest gespeichert: data/20260818_open_meteo_sw.csv (48 Zeilen)
2026-08-18 16:42:38,004 [INFO] Gesamtforecast gespeichert: data/20260818_open_meteo_complete.csv
2026-08-18 16:49:54,468 [INFO] Lade Forecast Suedost...
2026-08-18 16:49:54,699 [INFO] Suedost gespeichert: data/20260818_open_meteo_so.csv (48 Zeilen)
2026-08-18 16:49:54,700 [INFO] Lade Forecast Suedwest...
2026-08-18 16:49:54,840 [INFO] Suedwest gespeichert: data/20260818_open_meteo_sw.csv (48 Zeilen)
2026-08-18 16:49:54,852 [INFO] Gesamtforecast gespeichert: data/20260818_open_meteo_complete.csv
2026-08-18 16:57:09,814 [INFO] Lade Forecast Suedost...
2026-08-18 16:57:10,028 [INFO] Suedost gespeichert: data/20260818_open_meteo_so.csv (48 Zeilen)
2026-08-18 16:57:10,028 [INFO] Lade Forecast Suedwest...
2026-08-18 16:57:10,152 [INFO] Suedwest gespeichert: data/20260818_open_meteo_sw.csv (48 Zeilen)
2026-08-18 16:57:10,163 [INFO] Gesamtforecast gespeichert: data/20260818_open_meteo_complete.csv
2026-08-18 17:03:06,668 [INFO] Lade Forecast Suedost...
2026-08-18 17:03:06,890 [INFO] Suedost gespeichert: data/20260818_open_meteo_so.csv (48 Zeilen)
2026-08-18 17:03:06,890 [INFO] Lade Forecast Suedwest...
2026-08-18 17:03:07,028 [INFO] Suedwest gespeichert: data/20260818_open_meteo_sw.csv (48 Zeilen)
2026-08-18 17:03:07,040 [INFO] Gesamtforecast gespeichert: data/20260818_open_meteo_complete.csv
2026-08-18 17:07:17,889 [INFO] Lade Forecast Suedost...
2026-08-18 17:07:18,092 [INFO] Suedost gespeichert: data/20260818_open_meteo_so.csv (48 Zeilen)
2026-08-18 17:07:18,092 [INFO] Lade Forecast Suedwest...
2026-08-18 17:07:18,217 [INFO] Suedwest gespeichert: data/20260818_open_meteo_sw.csv (48 Zeilen)
2026-08-18 17:07:18,228 [INFO] Gesamtforecast gespeichert: data/20260818_open_meteo_complete.csv
2026-08-18 17:19:29,834 [INFO] Lade Forecast Suedost...
2026-08-18 17:19:30,099 [INFO] Suedost gespeichert: data/20260818_open_meteo_so.csv (48 Zeilen)
2026-08-18 17:19:30,099 [INFO] Lade Forecast Suedwest...
2026-08-18 17:19:30,223 [INFO] Suedwest gespeichert: data/20260818_open_meteo_sw.csv (48 Zeilen)
2026-08-18 17:19:30,234 [INFO] Gesamtforecast gespeichert: data/20260818_open_meteo_complete.csv
2026-08-18 17:24:24,969 [INFO] Lade Forecast Suedost...
2026-08-18 17:24:25,245 [INFO] Suedost gespeichert: data/20260818_open_meteo_so.csv (48 Zeilen)
2026-08-18 17:24:25,245 [INFO] Lade Forecast Suedwest...
2026-08-18 17:24:25,369 [INFO] Suedwest gespeichert: data/20260818_open_meteo_sw.csv (48 Zeilen)
2026-08-18 17:24:25,389 [INFO] Gesamtforecast gespeichert: data/20260818_open_meteo_complete.csv
2026-08-18 17:35:56,555 [INFO] Lade Forecast Suedost...
2026-08-18 17:35:56,807 [INFO] Suedost gespeichert: data/20260818_open_meteo_so.csv (48 Zeilen)
2026-08-18 17:35:56,807 [INFO] Lade Forecast Suedwest...
2026-08-18 17:35:56,960 [INFO] Suedwest gespeichert: data/20260818_open_meteo_sw.csv (48 Zeilen)
2026-08-18 17:35:56,972 [INFO] Gesamtforecast gespeichert: data/20260818_open_meteo_complete.csv
2026-08-18 17:42:37,533 [INFO] Lade Forecast Suedost...
2026-08-18 17:42:37,760 [INFO] Suedost gespeichert: data/20260818_open_meteo_so.csv (48 Zeilen)
2026-08-18 17:42:37,760 [INFO] Lade Forecast Suedwest...
2026-08-18 17:42:37,889 [INFO] Suedwest gespeichert: data/20260818_open_meteo_sw.csv (48 Zeilen)
2026-08-18 17:42:37,901 [INFO] Gesamtforecast gespeichert: data/20260818_open_meteo_complete.csv
2026-08-18 17:43:33,902 [INFO] Lade Forecast Suedost...
2026-08-18 17:43:34,119 [INFO] Suedost gespeichert: data/20260818_open_meteo_so.csv (48 Zeilen)
2026-08-18 17:43:34,119 [INFO] Lade Forecast Suedwest...
2026-08-18 17:43:34,263 [INFO] Suedwest gespeichert: data/20260818_open_meteo_sw.csv (48 Zeilen)
2026-08-18 17:43:34,273 [INFO] Gesamtforecast gespeichert: data/20260818_open_meteo_complete.csv
2026-08-18 17:48:12,664 [INFO] Lade Forecast Suedost...
2026-08-18 17:48:12,888 [INFO] Suedost gespeichert: data/20260818_open_meteo_so.csv (48 Zeilen)
2026-08-18 17:48:12,888 [INFO] Lade Forecast Suedwest...
2026-08-18 17:48:13,013 [INFO] Suedwest gespeichert: data/20260818_open_meteo_sw.csv (48 Zeilen)
2026-08-18 17:48:13,026 [INFO] Gesamtforecast gespeichert: data/20260818_open_meteo_complete.csv
2026-08-18 17:49:52,757 [INFO] Lade Forecast Suedost...
2026-08-18 17:49:52,914 [INFO] Suedost gespeichert: data/20260818_open_meteo_so.csv (48 Zeilen)
2026-08-18 17:49:52,914 [INFO] Lade Forecast Suedwest...
2026-08-18 17:49:53,075 [INFO] Suedwest gespeichert: data/20260818_open_meteo_sw.csv (48 Zeilen)
2026-08-18 17:49:53,078 [INFO] Gesamtforecast gespeichert: data/20260818_open_meteo_complete.csv
2026-08-18 17:57:09,557 [INFO] Lade Forecast Suedost...
2026-08-18 17:57:09,695 [INFO] Suedost gespeichert: data/20260818_open_meteo_so.csv (48 Zeilen)
2026-08-18 17:57:09,695 [INFO] Lade Forecast Suedwest...
2026-08-18 17:57:09,818 [INFO] Suedwest gespeichert: data/20260818_open_meteo_sw.csv (48 Zeilen)
2026-08-18 17:57:09,821 [INFO] Gesamtforecast gespeichert: data/20260818_open_meteo_complete.csv
2026-08-18 18:03:06,065 [INFO] Lade Forecast Suedost...
2026-08-18 18:03:06,264 [INFO] Suedost gespeichert: data/20260818_open_meteo_so.csv (48 Zeilen)
2026-08-18 18:03:06,264 [INFO] Lade Forecast Suedwest...
2026-08-18 18:03:06,399 [INFO] Suedwest gespeichert: data/20260818_open_meteo_sw.csv (48 Zeilen)
2026-08-18 18:03:06,402 [INFO] Gesamtforecast gespeichert: data/20260818_open_meteo_complete.csv
2026-08-18 18:07:17,960 [INFO] Lade Forecast Suedost...
2026-08-18 18:07:18,203 [INFO] Suedost gespeichert: data/20260818_open_meteo_so.csv (48 Zeilen)
2026-08-18 18:07:18,203 [INFO] Lade Forecast Suedwest...
2026-08-18 18:07:18,345 [INFO] Suedwest gespeichert: data/20260818_open_meteo_sw.csv (48 Zeilen)
2026-08-18 18:07:18,356 [INFO] Gesamtforecast gespeichert: data/20260818_open_meteo_complete.csv
2026-08-18 18:19:30,046 [INFO] Lade Forecast Suedost...
2026-08-18 18:19:30,271 [INFO] Suedost gespeichert: data/20260818_open_meteo_so.csv (48 Zeilen)
2026-08-18 18:19:30,271 [INFO] Lade Forecast Suedwest...
2026-08-18 18:19:30,394 [INFO] Suedwest gespeichert: data/20260818_open_meteo_sw.csv (48 Zeilen)
2026-08-18 18:19:30,404 [INFO] Gesamtforecast gespeichert: data/20260818_open_meteo_complete.csv
2026-08-18 18:23:32,930 [INFO] Lade Forecast Suedost...
2026-08-18 18:23:33,138 [INFO] Suedost gespeichert: data/20260818_open_meteo_so.csv (48 Zeilen)
2026-08-18 18:23:33,138 [INFO] Lade Forecast Suedwest...
2026-08-18 18:23:33,261 [INFO] Suedwest gespeichert: data/20260818_open_meteo_sw.csv (48 Zeilen)
2026-08-18 18:23:33,272 [INFO] Gesamtforecast gespeichert: data/20260818_open_meteo_complete.csv
2026-08-18 18:24:25,178 [INFO] Lade Forecast Suedost...
2026-08-18 18:24:25,460 [INFO] Suedost gespeichert: data/20260818_open_meteo_so.csv (48 Zeilen)
2026-08-18 18:24:25,460 [INFO] Lade Forecast Suedwest...
2026-08-18 18:24:25,744 [INFO] Suedwest gespeichert: data/20260818_open_meteo_sw.csv (48 Zeilen)
2026-08-18 18:24:25,755 [INFO] Gesamtforecast gespeichert: data/20260818_open_meteo_complete.csv
2026-08-18 18:35:56,183 [INFO] Lade Forecast Suedost...
2026-08-18 18:35:56,527 [INFO] Suedost gespeichert: data/20260818_open_meteo_so.csv (48 Zeilen)
2026-08-18 18:35:56,528 [INFO] Lade Forecast Suedwest...
2026-08-18 18:35:56,998 [INFO] Suedwest gespeichert: data/20260818_open_meteo_sw.csv (48 Zeilen)
2026-08-18 18:35:57,009 [INFO] Gesamtforecast gespeichert: data/20260818_open_meteo_complete.csv
2026-08-18 18:42:36,892 [INFO] Lade Forecast Suedost...
2026-08-18 18:42:37,039 [INFO] Suedost gespeichert: data/20260818_open_meteo_so.csv (48 Zeilen)
2026-08-18 18:42:37,039 [INFO] Lade Forecast Suedwest...
2026-08-18 18:42:37,170 [INFO] Suedwest gespeichert: data/20260818_open_meteo_sw.csv (48 Zeilen)
2026-08-18 18:42:37,173 [INFO] Gesamtforecast gespeichert: data/20260818_open_meteo_complete.csv
2026-08-18 18:43:34,110 [INFO] Lade Forecast Suedost...
2026-08-18 18:43:34,341 [INFO] Suedost gespeichert: data/20260818_open_meteo_so.csv (48 Zeilen)
2026-08-18 18:43:34,341 [INFO] Lade Forecast Suedwest...
2026-08-18 18:43:34,484 [INFO] Suedwest gespeichert: data/20260818_open_meteo_sw.csv (48 Zeilen)
2026-08-18 18:43:34,495 [INFO] Gesamtforecast gespeichert: data/20260818_open_meteo_complete.csv
2026-08-18 18:48:12,930 [INFO] Lade Forecast Suedost...
2026-08-18 18:48:14,183 [INFO] Suedost gespeichert: data/20260818_open_meteo_so.csv (48 Zeilen)
2026-08-18 18:48:14,183 [INFO] Lade Forecast Suedwest...
2026-08-18 18:48:14,323 [INFO] Suedwest gespeichert: data/20260818_open_meteo_sw.csv (48 Zeilen)
2026-08-18 18:48:14,334 [INFO] Gesamtforecast gespeichert: data/20260818_open_meteo_complete.csv
2026-08-18 18:49:52,651 [INFO] Lade Forecast Suedost...
2026-08-18 18:49:52,789 [INFO] Suedost gespeichert: data/20260818_open_meteo_so.csv (48 Zeilen)
2026-08-18 18:49:52,789 [INFO] Lade Forecast Suedwest...
2026-08-18 18:49:52,910 [INFO] Suedwest gespeichert: data/20260818_open_meteo_sw.csv (48 Zeilen)
2026-08-18 18:49:52,913 [INFO] Gesamtforecast gespeichert: data/20260818_open_meteo_complete.csv
2026-08-18 18:57:10,217 [INFO] Lade Forecast Suedost...
2026-08-18 18:57:10,420 [INFO] Suedost gespeichert: data/20260818_open_meteo_so.csv (48 Zeilen)
2026-08-18 18:57:10,420 [INFO] Lade Forecast Suedwest...
2026-08-18 18:57:10,543 [INFO] Suedwest gespeichert: data/20260818_open_meteo_sw.csv (48 Zeilen)
2026-08-18 18:57:10,554 [INFO] Gesamtforecast gespeichert: data/20260818_open_meteo_complete.csv
2026-08-18 19:03:07,000 [INFO] Lade Forecast Suedost...
2026-08-18 19:03:07,269 [INFO] Suedost gespeichert: data/20260818_open_meteo_so.csv (48 Zeilen)
2026-08-18 19:03:07,269 [INFO] Lade Forecast Suedwest...
2026-08-18 19:03:07,427 [INFO] Suedwest gespeichert: data/20260818_open_meteo_sw.csv (48 Zeilen)
2026-08-18 19:03:07,438 [INFO] Gesamtforecast gespeichert: data/20260818_open_meteo_complete.csv
2026-08-18 19:07:18,303 [INFO] Lade Forecast Suedost...
2026-08-18 19:07:18,515 [INFO] Suedost gespeichert: data/20260818_open_meteo_so.csv (48 Zeilen)
2026-08-18 19:07:18,515 [INFO] Lade Forecast Suedwest...
2026-08-18 19:07:18,638 [INFO] Suedwest gespeichert: data/20260818_open_meteo_sw.csv (48 Zeilen)
2026-08-18 19:07:18,649 [INFO] Gesamtforecast gespeichert: data/20260818_open_meteo_complete.csv
2026-08-18 19:18:26,022 [INFO] Lade Forecast Suedost...
2026-08-18 19:18:26,734 [INFO] Suedost gespeichert: data/20260818_open_meteo_so.csv (48 Zeilen)
2026-08-18 19:18:26,734 [INFO] Lade Forecast Suedwest...
2026-08-18 19:18:26,858 [INFO] Suedwest gespeichert: data/20260818_open_meteo_sw.csv (48 Zeilen)
2026-08-18 19:18:26,870 [INFO] Gesamtforecast gespeichert: data/20260818_open_meteo_complete.csv
2026-08-18 19:19:30,313 [INFO] Lade Forecast Suedost...
2026-08-18 19:19:30,523 [INFO] Suedost gespeichert: data/20260818_open_meteo_so.csv (48 Zeilen)
2026-08-18 19:19:30,523 [INFO] Lade Forecast Suedwest...
2026-08-18 19:19:30,646 [INFO] Suedwest gespeichert: data/20260818_open_meteo_sw.csv (48 Zeilen)
2026-08-18 19:19:30,657 [INFO] Gesamtforecast gespeichert: data/20260818_open_meteo_complete.csv
2026-08-18 19:23:33,647 [INFO] Lade Forecast Suedost...
2026-08-18 19:23:33,851 [INFO] Suedost gespeichert: data/20260818_open_meteo_so.csv (48 Zeilen)
2026-08-18 19:23:33,851 [INFO] Lade Forecast Suedwest...
2026-08-18 19:23:33,973 [INFO] Suedwest gespeichert: data/20260818_open_meteo_sw.csv (48 Zeilen)
2026-08-18 19:23:33,985 [INFO] Gesamtforecast gespeichert: data/20260818_open_meteo_complete.csv
2026-08-18 19:24:25,261 [INFO] Lade Forecast Suedost...
2026-08-18 19:24:25,465 [INFO] Suedost gespeichert: data/20260818_open_meteo_so.csv (48 Zeilen)
2026-08-18 19:24:25,465 [INFO] Lade Forecast Suedwest...
2026-08-18 19:24:25,592 [INFO] Suedwest gespeichert: data/20260818_open_meteo_sw.csv (48 Zeilen)
2026-08-18 19:24:25,605 [INFO] Gesamtforecast gespeichert: data/20260818_open_meteo_complete.csv
2026-08-18 19:27:48,055 [INFO] Lade Forecast Suedost...
2026-08-18 19:27:48,283 [INFO] Suedost gespeichert: data/20260818_open_meteo_so.csv (48 Zeilen)
2026-08-18 19:27:48,283 [INFO] Lade Forecast Suedwest...
2026-08-18 19:27:48,422 [INFO] Suedwest gespeichert: data/20260818_open_meteo_sw.csv (48 Zeilen)
2026-08-18 19:27:48,433 [INFO] Gesamtforecast gespeichert: data/20260818_open_meteo_complete.csv
2026-08-18 19:32:14,842 [INFO] Lade Forecast Suedost...
2026-08-18 19:32:15,085 [INFO] Suedost gespeichert: data/20260818_open_meteo_so.csv (48 Zeilen)
2026-08-18 19:32:15,085 [INFO] Lade Forecast Suedwest...
2026-08-18 19:32:15,206 [INFO] Suedwest gespeichert: data/20260818_open_meteo_sw.csv (48 Zeilen)
2026-08-18 19:32:15,217 [INFO] Gesamtforecast gespeichert: data/20260818_open_meteo_complete.csv
2026-08-18 19:50:12,727 [INFO] Lade Forecast Suedost...
2026-08-18 19:50:12,981 [INFO] Suedost gespeichert: data/20260818_open_meteo_so.csv (48 Zeilen)
2026-08-18 19:50:12,981 [INFO] Lade Forecast Suedwest...
2026-08-18 19:50:13,102 [INFO] Suedwest gespeichert: data/20260818_open_meteo_sw.csv (48 Zeilen)
2026-08-18 19:50:13,114 [INFO] Gesamtforecast gespeichert: data/20260818_open_meteo_complete.csv
2026-08-18 20:32:15,519 [INFO] Lade Forecast Suedost...
2026-08-18 20:32:16,300 [INFO] Suedost gespeichert: data/20260818_open_meteo_so.csv (48 Zeilen)
2026-08-18 20:32:16,300 [INFO] Lade Forecast Suedwest...
2026-08-18 20:32:16,432 [INFO] Suedwest gespeichert: data/20260818_open_meteo_sw.csv (48 Zeilen)
2026-08-18 20:32:16,451 [INFO] Gesamtforecast gespeichert: data/20260818_open_meteo_complete.csv
2026-08-18 20:39:25,969 [INFO] Lade Forecast Suedost...
2026-08-18 20:39:26,188 [INFO] Suedost gespeichert: data/20260818_open_meteo_so.csv (48 Zeilen)
2026-08-18 20:39:26,188 [INFO] Lade Forecast Suedwest...
2026-08-18 20:39:26,312 [INFO] Suedwest gespeichert: data/20260818_open_meteo_sw.csv (48 Zeilen)
2026-08-18 20:39:26,324 [INFO] Gesamtforecast gespeichert: data/20260818_open_meteo_complete.csv
2026-08-18 20:44:10,422 [INFO] Lade Forecast Suedost...
2026-08-18 20:44:10,655 [INFO] Suedost gespeichert: data/20260818_open_meteo_so.csv (48 Zeilen)
2026-08-18 20:44:10,655 [INFO] Lade Forecast Suedwest...
2026-08-18 20:44:10,799 [INFO] Suedwest gespeichert: data/20260818_open_meteo_sw.csv (48 Zeilen)
2026-08-18 20:44:10,810 [INFO] Gesamtforecast gespeichert: data/20260818_open_meteo_complete.csv
2026-08-18 20:46:10,569 [INFO] Lade Forecast Suedost...
2026-08-18 20:46:10,819 [INFO] Suedost gespeichert: data/20260818_open_meteo_so.csv (48 Zeilen)
2026-08-18 20:46:10,820 [INFO] Lade Forecast Suedwest...
2026-08-18 20:46:10,962 [INFO] Suedwest gespeichert: data/20260818_open_meteo_sw.csv (48 Zeilen)
2026-08-18 20:46:10,973 [INFO] Gesamtforecast gespeichert: data/20260818_open_meteo_complete.csv
2026-08-18 20:50:13,321 [INFO] Lade Forecast Suedost...
2026-08-18 20:50:13,542 [INFO] Suedost gespeichert: data/20260818_open_meteo_so.csv (48 Zeilen)
2026-08-18 20:50:13,542 [INFO] Lade Forecast Suedwest...
2026-08-18 20:50:13,689 [INFO] Suedwest gespeichert: data/20260818_open_meteo_sw.csv (48 Zeilen)
2026-08-18 20:50:13,702 [INFO] Gesamtforecast gespeichert: data/20260818_open_meteo_complete.csv
2026-08-18 21:32:14,911 [INFO] Lade Forecast Suedost...
2026-08-18 21:32:15,650 [INFO] Suedost gespeichert: data/20260818_open_meteo_so.csv (48 Zeilen)
2026-08-18 21:32:15,650 [INFO] Lade Forecast Suedwest...
2026-08-18 21:32:15,786 [INFO] Suedwest gespeichert: data/20260818_open_meteo_sw.csv (48 Zeilen)
2026-08-18 21:32:15,797 [INFO] Gesamtforecast gespeichert: data/20260818_open_meteo_complete.csv
2026-08-18 21:39:29,436 [INFO] Lade Forecast Suedost...
2026-08-18 21:39:30,142 [INFO] Suedost gespeichert: data/20260818_open_meteo_so.csv (48 Zeilen)
2026-08-18 21:39:30,142 [INFO] Lade Forecast Suedwest...
2026-08-18 21:39:30,288 [INFO] Suedwest gespeichert: data/20260818_open_meteo_sw.csv (48 Zeilen)
2026-08-18 21:39:30,300 [INFO] Gesamtforecast gespeichert: data/20260818_open_meteo_complete.csv
2026-08-18 21:44:10,677 [INFO] Lade Forecast Suedost...
2026-08-18 21:44:11,209 [INFO] Suedost gespeichert: data/20260818_open_meteo_so.csv (48 Zeilen)
2026-08-18 21:44:11,209 [INFO] Lade Forecast Suedwest...
2026-08-18 21:44:11,342 [INFO] Suedwest gespeichert: data/20260818_open_meteo_sw.csv (48 Zeilen)
2026-08-18 21:44:11,353 [INFO] Gesamtforecast gespeichert: data/20260818_open_meteo_complete.csv
2026-08-18 21:46:10,579 [INFO] Lade Forecast Suedost...
2026-08-18 21:46:10,828 [INFO] Suedost gespeichert: data/20260818_open_meteo_so.csv (48 Zeilen)
2026-08-18 21:46:10,828 [INFO] Lade Forecast Suedwest...
2026-08-18 21:46:10,951 [INFO] Suedwest gespeichert: data/20260818_open_meteo_sw.csv (48 Zeilen)
2026-08-18 21:46:10,962 [INFO] Gesamtforecast gespeichert: data/20260818_open_meteo_complete.csv
2026-08-18 21:50:12,737 [INFO] Lade Forecast Suedost...
2026-08-18 21:50:12,982 [INFO] Suedost gespeichert: data/20260818_open_meteo_so.csv (48 Zeilen)
2026-08-18 21:50:12,982 [INFO] Lade Forecast Suedwest...
2026-08-18 21:50:13,105 [INFO] Suedwest gespeichert: data/20260818_open_meteo_sw.csv (48 Zeilen)
2026-08-18 21:50:13,117 [INFO] Gesamtforecast gespeichert: data/20260818_open_meteo_complete.csv
2026-08-18 22:32:15,077 [INFO] Lade Forecast Suedost...
2026-08-18 22:32:15,413 [INFO] Suedost gespeichert: data/20260818_open_meteo_so.csv (48 Zeilen)
2026-08-18 22:32:15,413 [INFO] Lade Forecast Suedwest...
2026-08-18 22:32:15,658 [INFO] Suedwest gespeichert: data/20260818_open_meteo_sw.csv (48 Zeilen)
2026-08-18 22:32:15,670 [INFO] Gesamtforecast gespeichert: data/20260818_open_meteo_complete.csv
2026-08-18 22:39:25,452 [INFO] Lade Forecast Suedost...
2026-08-18 22:39:25,656 [INFO] Suedost gespeichert: data/20260818_open_meteo_so.csv (48 Zeilen)
2026-08-18 22:39:25,656 [INFO] Lade Forecast Suedwest...
2026-08-18 22:39:25,779 [INFO] Suedwest gespeichert: data/20260818_open_meteo_sw.csv (48 Zeilen)
2026-08-18 22:39:25,790 [INFO] Gesamtforecast gespeichert: data/20260818_open_meteo_complete.csv
2026-08-18 22:44:11,772 [INFO] Lade Forecast Suedost...
2026-08-18 22:44:12,365 [INFO] Suedost gespeichert: data/20260818_open_meteo_so.csv (48 Zeilen)
2026-08-18 22:44:12,365 [INFO] Lade Forecast Suedwest...
2026-08-18 22:44:12,488 [INFO] Suedwest gespeichert: data/20260818_open_meteo_sw.csv (48 Zeilen)
2026-08-18 22:44:12,515 [INFO] Gesamtforecast gespeichert: data/20260818_open_meteo_complete.csv
2026-08-18 22:46:10,952 [INFO] Lade Forecast Suedost...
2026-08-18 22:46:11,208 [INFO] Suedost gespeichert: data/20260818_open_meteo_so.csv (48 Zeilen)
2026-08-18 22:46:11,209 [INFO] Lade Forecast Suedwest...
2026-08-18 22:46:11,354 [INFO] Suedwest gespeichert: data/20260818_open_meteo_sw.csv (48 Zeilen)
2026-08-18 22:46:11,365 [INFO] Gesamtforecast gespeichert: data/20260818_open_meteo_complete.csv
2026-08-18 22:50:14,974 [INFO] Lade Forecast Suedost...
2026-08-18 22:50:15,295 [INFO] Suedost gespeichert: data/20260818_open_meteo_so.csv (48 Zeilen)
2026-08-18 22:50:15,295 [INFO] Lade Forecast Suedwest...
2026-08-18 22:50:15,418 [INFO] Suedwest gespeichert: data/20260818_open_meteo_sw.csv (48 Zeilen)
2026-08-18 22:50:15,432 [INFO] Gesamtforecast gespeichert: data/20260818_open_meteo_complete.csv
2026-08-18 23:02:40,179 [INFO] Lade Forecast Suedost...
2026-08-18 23:02:40,403 [INFO] Suedost gespeichert: data/20260818_open_meteo_so.csv (48 Zeilen)
2026-08-18 23:02:40,403 [INFO] Lade Forecast Suedwest...
2026-08-18 23:02:40,527 [INFO] Suedwest gespeichert: data/20260818_open_meteo_sw.csv (48 Zeilen)
2026-08-18 23:02:40,538 [INFO] Gesamtforecast gespeichert: data/20260818_open_meteo_complete.csv
2026-08-18 23:08:05,703 [INFO] Lade Forecast Suedost...
2026-08-18 23:08:06,003 [INFO] Suedost gespeichert: data/20260818_open_meteo_so.csv (48 Zeilen)
2026-08-18 23:08:06,003 [INFO] Lade Forecast Suedwest...
2026-08-18 23:08:06,141 [INFO] Suedwest gespeichert: data/20260818_open_meteo_sw.csv (48 Zeilen)
2026-08-18 23:08:06,153 [INFO] Gesamtforecast gespeichert: data/20260818_open_meteo_complete.csv
2026-08-18 23:32:14,888 [INFO] Lade Forecast Suedost...
2026-08-18 23:32:15,122 [INFO] Suedost gespeichert: data/20260818_open_meteo_so.csv (48 Zeilen)
2026-08-18 23:32:15,122 [INFO] Lade Forecast Suedwest...
2026-08-18 23:32:15,266 [INFO] Suedwest gespeichert: data/20260818_open_meteo_sw.csv (48 Zeilen)
2026-08-18 23:32:15,277 [INFO] Gesamtforecast gespeichert: data/20260818_open_meteo_complete.csv
2026-08-18 23:39:25,482 [INFO] Lade Forecast Suedost...
2026-08-18 23:39:25,710 [INFO] Suedost gespeichert: data/20260818_open_meteo_so.csv (48 Zeilen)
2026-08-18 23:39:25,710 [INFO] Lade Forecast Suedwest...
2026-08-18 23:39:25,835 [INFO] Suedwest gespeichert: data/20260818_open_meteo_sw.csv (48 Zeilen)
2026-08-18 23:39:25,846 [INFO] Gesamtforecast gespeichert: data/20260818_open_meteo_complete.csv
2026-08-18 23:44:10,657 [INFO] Lade Forecast Suedost...
2026-08-18 23:44:10,937 [INFO] Suedost gespeichert: data/20260818_open_meteo_so.csv (48 Zeilen)
2026-08-18 23:44:10,937 [INFO] Lade Forecast Suedwest...
2026-08-18 23:44:11,100 [INFO] Suedwest gespeichert: data/20260818_open_meteo_sw.csv (48 Zeilen)
2026-08-18 23:44:11,111 [INFO] Gesamtforecast gespeichert: data/20260818_open_meteo_complete.csv
2026-08-18 23:46:10,550 [INFO] Lade Forecast Suedost...
2026-08-18 23:46:10,847 [INFO] Suedost gespeichert: data/20260818_open_meteo_so.csv (48 Zeilen)
2026-08-18 23:46:10,847 [INFO] Lade Forecast Suedwest...
2026-08-18 23:46:11,175 [INFO] Suedwest gespeichert: data/20260818_open_meteo_sw.csv (48 Zeilen)
2026-08-18 23:46:11,187 [INFO] Gesamtforecast gespeichert: data/20260818_open_meteo_complete.csv
2026-08-18 23:50:14,610 [INFO] Lade Forecast Suedost...
2026-08-18 23:50:14,846 [INFO] Suedost gespeichert: data/20260818_open_meteo_so.csv (48 Zeilen)
2026-08-18 23:50:14,846 [INFO] Lade Forecast Suedwest...
2026-08-18 23:50:14,985 [INFO] Suedwest gespeichert: data/20260818_open_meteo_sw.csv (48 Zeilen)
2026-08-18 23:50:15,056 [INFO] Gesamtforecast gespeichert: data/20260818_open_meteo_complete.csv
2026-08-19 00:02:38,680 [INFO] Lade Forecast Suedost...
2026-08-19 00:02:39,461 [INFO] Suedost gespeichert: data/20260819_open_meteo_so.csv (48 Zeilen)
2026-08-19 00:02:39,461 [INFO] Lade Forecast Suedwest...
2026-08-19 00:02:39,584 [INFO] Suedwest gespeichert: data/20260819_open_meteo_sw.csv (48 Zeilen)
2026-08-19 00:02:39,595 [INFO] Gesamtforecast gespeichert: data/20260819_open_meteo_complete.csv
2026-08-19 00:08:05,670 [INFO] Lade Forecast Suedost...
2026-08-19 00:08:05,896 [INFO] Suedost gespeichert: data/20260819_open_meteo_so.csv (48 Zeilen)
2026-08-19 00:08:05,896 [INFO] Lade Forecast Suedwest...
2026-08-19 00:08:06,019 [INFO] Suedwest gespeichert: data/20260819_open_meteo_sw.csv (48 Zeilen)
2026-08-19 00:08:06,029 [INFO] Gesamtforecast gespeichert: data/20260819_open_meteo_complete.csv
2026-08-19 00:32:15,283 [INFO] Lade Forecast Suedost...
2026-08-19 00:32:15,517 [INFO] Suedost gespeichert: data/20260819_open_meteo_so.csv (48 Zeilen)
2026-08-19 00:32:15,517 [INFO] Lade Forecast Suedwest...
2026-08-19 00:32:15,663 [INFO] Suedwest gespeichert: data/20260819_open_meteo_sw.csv (48 Zeilen)
2026-08-19 00:32:15,675 [INFO] Gesamtforecast gespeichert: data/20260819_open_meteo_complete.csv
2026-08-19 00:39:33,997 [INFO] Lade Forecast Suedost...
2026-08-19 00:39:34,631 [INFO] Suedost gespeichert: data/20260819_open_meteo_so.csv (48 Zeilen)
2026-08-19 00:39:34,632 [INFO] Lade Forecast Suedwest...
2026-08-19 00:39:34,775 [INFO] Suedwest gespeichert: data/20260819_open_meteo_sw.csv (48 Zeilen)
2026-08-19 00:39:34,792 [INFO] Gesamtforecast gespeichert: data/20260819_open_meteo_complete.csv
2026-08-19 00:44:11,475 [INFO] Lade Forecast Suedost...
2026-08-19 00:44:11,903 [INFO] Suedost gespeichert: data/20260819_open_meteo_so.csv (48 Zeilen)
2026-08-19 00:44:11,903 [INFO] Lade Forecast Suedwest...
2026-08-19 00:44:12,028 [INFO] Suedwest gespeichert: data/20260819_open_meteo_sw.csv (48 Zeilen)
2026-08-19 00:44:12,057 [INFO] Gesamtforecast gespeichert: data/20260819_open_meteo_complete.csv
2026-08-19 00:46:11,394 [INFO] Lade Forecast Suedost...
2026-08-19 00:46:11,664 [INFO] Suedost gespeichert: data/20260819_open_meteo_so.csv (48 Zeilen)
2026-08-19 00:46:11,664 [INFO] Lade Forecast Suedwest...
2026-08-19 00:46:11,821 [INFO] Suedwest gespeichert: data/20260819_open_meteo_sw.csv (48 Zeilen)
2026-08-19 00:46:11,832 [INFO] Gesamtforecast gespeichert: data/20260819_open_meteo_complete.csv
2026-08-19 00:50:14,978 [INFO] Lade Forecast Suedost...
2026-08-19 00:50:15,202 [INFO] Suedost gespeichert: data/20260819_open_meteo_so.csv (48 Zeilen)
2026-08-19 00:50:15,202 [INFO] Lade Forecast Suedwest...
2026-08-19 00:50:15,397 [INFO] Suedwest gespeichert: data/20260819_open_meteo_sw.csv (48 Zeilen)
2026-08-19 00:50:15,434 [INFO] Gesamtforecast gespeichert: data/20260819_open_meteo_complete.csv
2026-08-19 01:02:50,842 [INFO] Lade Forecast Suedost...
2026-08-19 01:02:51,517 [INFO] Suedost gespeichert: data/20260819_open_meteo_so.csv (48 Zeilen)
2026-08-19 01:02:51,517 [INFO] Lade Forecast Suedwest...
2026-08-19 01:02:51,651 [INFO] Suedwest gespeichert: data/20260819_open_meteo_sw.csv (48 Zeilen)
2026-08-19 01:02:51,761 [INFO] Gesamtforecast gespeichert: data/20260819_open_meteo_complete.csv
2026-08-19 01:08:09,786 [INFO] Lade Forecast Suedost...
2026-08-19 01:08:11,101 [INFO] Suedost gespeichert: data/20260819_open_meteo_so.csv (48 Zeilen)
2026-08-19 01:08:11,101 [INFO] Lade Forecast Suedwest...
2026-08-19 01:08:11,416 [INFO] Suedwest gespeichert: data/20260819_open_meteo_sw.csv (48 Zeilen)
2026-08-19 01:08:14,175 [INFO] Gesamtforecast gespeichert: data/20260819_open_meteo_complete.csv
2026-08-19 07:47:15,511 [INFO] Lade Forecast Suedost...
2026-08-19 07:47:15,849 [INFO] Suedost gespeichert: data/20260819_open_meteo_so.csv (48 Zeilen)
2026-08-19 07:47:15,849 [INFO] Lade Forecast Suedwest...
2026-08-19 07:47:15,995 [INFO] Suedwest gespeichert: data/20260819_open_meteo_sw.csv (48 Zeilen)
2026-08-19 07:47:16,007 [INFO] Gesamtforecast gespeichert: data/20260819_open_meteo_complete.csv
2026-08-19 10:43:35,929 [INFO] Lade Forecast Suedost...
2026-08-19 10:43:36,325 [INFO] Suedost gespeichert: data/20260819_open_meteo_so.csv (48 Zeilen)
2026-08-19 10:43:36,325 [INFO] Lade Forecast Suedwest...
2026-08-19 10:43:36,449 [INFO] Suedwest gespeichert: data/20260819_open_meteo_sw.csv (48 Zeilen)
2026-08-19 10:43:36,462 [INFO] Gesamtforecast gespeichert: data/20260819_open_meteo_complete.csv
2026-08-19 11:07:56,967 [INFO] Lade Forecast Suedost...
2026-08-19 11:07:57,396 [INFO] Suedost gespeichert: data/20260819_open_meteo_so.csv (48 Zeilen)
2026-08-19 11:07:57,396 [INFO] Lade Forecast Suedwest...
2026-08-19 11:07:57,552 [INFO] Suedwest gespeichert: data/20260819_open_meteo_sw.csv (48 Zeilen)
2026-08-19 11:07:57,570 [INFO] Gesamtforecast gespeichert: data/20260819_open_meteo_complete.csv
2026-08-19 11:43:09,161 [INFO] Lade Forecast Suedost...
2026-08-19 11:43:09,428 [INFO] Suedost gespeichert: data/20260819_open_meteo_so.csv (48 Zeilen)
2026-08-19 11:43:09,428 [INFO] Lade Forecast Suedwest...
2026-08-19 11:43:09,573 [INFO] Suedwest gespeichert: data/20260819_open_meteo_sw.csv (48 Zeilen)
2026-08-19 11:43:09,587 [INFO] Gesamtforecast gespeichert: data/20260819_open_meteo_complete.csv
2026-08-19 11:48:05,224 [INFO] Lade Forecast Suedost...
2026-08-19 11:48:05,470 [INFO] Suedost gespeichert: data/20260819_open_meteo_so.csv (48 Zeilen)
2026-08-19 11:48:05,470 [INFO] Lade Forecast Suedwest...
2026-08-19 11:48:05,597 [INFO] Suedwest gespeichert: data/20260819_open_meteo_sw.csv (48 Zeilen)
2026-08-19 11:48:05,608 [INFO] Gesamtforecast gespeichert: data/20260819_open_meteo_complete.csv
2026-08-19 11:57:43,967 [INFO] Lade Forecast Suedost...
2026-08-19 11:57:44,238 [INFO] Suedost gespeichert: data/20260819_open_meteo_so.csv (48 Zeilen)
2026-08-19 11:57:44,238 [INFO] Lade Forecast Suedwest...
2026-08-19 11:57:44,362 [INFO] Suedwest gespeichert: data/20260819_open_meteo_sw.csv (48 Zeilen)
2026-08-19 11:57:44,376 [INFO] Gesamtforecast gespeichert: data/20260819_open_meteo_complete.csv
2026-08-19 12:02:42,670 [INFO] Lade Forecast Suedost...
2026-08-19 12:02:42,907 [INFO] Suedost gespeichert: data/20260819_open_meteo_so.csv (48 Zeilen)
2026-08-19 12:02:42,907 [INFO] Lade Forecast Suedwest...
2026-08-19 12:02:43,030 [INFO] Suedwest gespeichert: data/20260819_open_meteo_sw.csv (48 Zeilen)
2026-08-19 12:02:43,041 [INFO] Gesamtforecast gespeichert: data/20260819_open_meteo_complete.csv
2026-08-19 12:43:13,599 [INFO] Lade Forecast Suedost...
2026-08-19 12:43:13,935 [INFO] Suedost gespeichert: data/20260819_open_meteo_so.csv (48 Zeilen)
2026-08-19 12:43:13,935 [INFO] Lade Forecast Suedwest...
2026-08-19 12:43:14,079 [INFO] Suedwest gespeichert: data/20260819_open_meteo_sw.csv (48 Zeilen)
2026-08-19 12:43:14,090 [INFO] Gesamtforecast gespeichert: data/20260819_open_meteo_complete.csv
2026-08-19 12:48:05,292 [INFO] Lade Forecast Suedost...
2026-08-19 12:48:05,531 [INFO] Suedost gespeichert: data/20260819_open_meteo_so.csv (48 Zeilen)
2026-08-19 12:48:05,531 [INFO] Lade Forecast Suedwest...
2026-08-19 12:48:05,674 [INFO] Suedwest gespeichert: data/20260819_open_meteo_sw.csv (48 Zeilen)
2026-08-19 12:48:05,686 [INFO] Gesamtforecast gespeichert: data/20260819_open_meteo_complete.csv
2026-08-19 12:57:48,031 [INFO] Lade Forecast Suedost...
2026-08-19 12:57:48,285 [INFO] Suedost gespeichert: data/20260819_open_meteo_so.csv (48 Zeilen)
2026-08-19 12:57:48,285 [INFO] Lade Forecast Suedwest...
2026-08-19 12:57:48,409 [INFO] Suedwest gespeichert: data/20260819_open_meteo_sw.csv (48 Zeilen)
2026-08-19 12:57:48,422 [INFO] Gesamtforecast gespeichert: data/20260819_open_meteo_complete.csv
2026-08-19 13:02:42,833 [INFO] Lade Forecast Suedost...
2026-08-19 13:02:43,075 [INFO] Suedost gespeichert: data/20260819_open_meteo_so.csv (48 Zeilen)
2026-08-19 13:02:43,075 [INFO] Lade Forecast Suedwest...
2026-08-19 13:02:43,199 [INFO] Suedwest gespeichert: data/20260819_open_meteo_sw.csv (48 Zeilen)
2026-08-19 13:02:43,210 [INFO] Gesamtforecast gespeichert: data/20260819_open_meteo_complete.csv
2026-08-19 13:08:57,622 [INFO] Lade Forecast Suedost...
2026-08-19 13:08:57,888 [INFO] Suedost gespeichert: data/20260819_open_meteo_so.csv (48 Zeilen)
2026-08-19 13:08:57,888 [INFO] Lade Forecast Suedwest...
2026-08-19 13:08:58,082 [INFO] Suedwest gespeichert: data/20260819_open_meteo_sw.csv (48 Zeilen)
2026-08-19 13:08:58,095 [INFO] Gesamtforecast gespeichert: data/20260819_open_meteo_complete.csv
2026-08-19 13:43:08,231 [INFO] Lade Forecast Suedost...
2026-08-19 13:43:08,490 [INFO] Suedost gespeichert: data/20260819_open_meteo_so.csv (48 Zeilen)
2026-08-19 13:43:08,490 [INFO] Lade Forecast Suedwest...
2026-08-19 13:43:08,623 [INFO] Suedwest gespeichert: data/20260819_open_meteo_sw.csv (48 Zeilen)
2026-08-19 13:43:08,634 [INFO] Gesamtforecast gespeichert: data/20260819_open_meteo_complete.csv
2026-08-19 13:48:08,350 [INFO] Lade Forecast Suedost...
2026-08-19 13:48:08,578 [INFO] Suedost gespeichert: data/20260819_open_meteo_so.csv (48 Zeilen)
2026-08-19 13:48:08,578 [INFO] Lade Forecast Suedwest...
2026-08-19 13:48:08,703 [INFO] Suedwest gespeichert: data/20260819_open_meteo_sw.csv (48 Zeilen)
2026-08-19 13:48:08,717 [INFO] Gesamtforecast gespeichert: data/20260819_open_meteo_complete.csv
2026-08-19 13:57:44,819 [INFO] Lade Forecast Suedost...
2026-08-19 13:57:45,033 [INFO] Suedost gespeichert: data/20260819_open_meteo_so.csv (48 Zeilen)
2026-08-19 13:57:45,033 [INFO] Lade Forecast Suedwest...
2026-08-19 13:57:45,176 [INFO] Suedwest gespeichert: data/20260819_open_meteo_sw.csv (48 Zeilen)
2026-08-19 13:57:45,187 [INFO] Gesamtforecast gespeichert: data/20260819_open_meteo_complete.csv
2026-08-19 14:02:16,697 [INFO] Lade Forecast Suedost...
2026-08-19 14:02:16,949 [INFO] Suedost gespeichert: data/20260819_open_meteo_so.csv (48 Zeilen)
2026-08-19 14:02:16,949 [INFO] Lade Forecast Suedwest...
2026-08-19 14:02:17,093 [INFO] Suedwest gespeichert: data/20260819_open_meteo_sw.csv (48 Zeilen)
2026-08-19 14:02:17,107 [INFO] Gesamtforecast gespeichert: data/20260819_open_meteo_complete.csv
2026-08-19 14:02:42,134 [INFO] Lade Forecast Suedost...
2026-08-19 14:02:42,293 [INFO] Suedost gespeichert: data/20260819_open_meteo_so.csv (48 Zeilen)
2026-08-19 14:02:42,294 [INFO] Lade Forecast Suedwest...
2026-08-19 14:02:42,442 [INFO] Suedwest gespeichert: data/20260819_open_meteo_sw.csv (48 Zeilen)
2026-08-19 14:02:42,445 [INFO] Gesamtforecast gespeichert: data/20260819_open_meteo_complete.csv
2026-08-19 14:08:56,836 [INFO] Lade Forecast Suedost...
2026-08-19 14:08:57,047 [INFO] Suedost gespeichert: data/20260819_open_meteo_so.csv (48 Zeilen)
2026-08-19 14:08:57,047 [INFO] Lade Forecast Suedwest...
2026-08-19 14:08:57,172 [INFO] Suedwest gespeichert: data/20260819_open_meteo_sw.csv (48 Zeilen)
2026-08-19 14:08:57,185 [INFO] Gesamtforecast gespeichert: data/20260819_open_meteo_complete.csv
2026-08-19 14:33:12,854 [INFO] Lade Forecast Suedost...
2026-08-19 14:33:13,173 [INFO] Suedost gespeichert: data/20260819_open_meteo_so.csv (48 Zeilen)
2026-08-19 14:33:13,173 [INFO] Lade Forecast Suedwest...
2026-08-19 14:33:13,317 [INFO] Suedwest gespeichert: data/20260819_open_meteo_sw.csv (48 Zeilen)
2026-08-19 14:33:13,329 [INFO] Gesamtforecast gespeichert: data/20260819_open_meteo_complete.csv
2026-08-19 14:39:05,737 [INFO] Lade Forecast Suedost...
2026-08-19 14:39:05,959 [INFO] Suedost gespeichert: data/20260819_open_meteo_so.csv (48 Zeilen)
2026-08-19 14:39:05,960 [INFO] Lade Forecast Suedwest...
2026-08-19 14:39:06,101 [INFO] Suedwest gespeichert: data/20260819_open_meteo_sw.csv (48 Zeilen)
2026-08-19 14:39:06,112 [INFO] Gesamtforecast gespeichert: data/20260819_open_meteo_complete.csv
2026-08-19 14:43:11,811 [INFO] Lade Forecast Suedost...
2026-08-19 14:43:12,116 [INFO] Suedost gespeichert: data/20260819_open_meteo_so.csv (48 Zeilen)
2026-08-19 14:43:12,116 [INFO] Lade Forecast Suedwest...
2026-08-19 14:43:12,242 [INFO] Suedwest gespeichert: data/20260819_open_meteo_sw.csv (48 Zeilen)
2026-08-19 14:43:12,256 [INFO] Gesamtforecast gespeichert: data/20260819_open_meteo_complete.csv
2026-08-19 14:47:15,432 [INFO] Lade Forecast Suedost...
2026-08-19 14:47:15,670 [INFO] Suedost gespeichert: data/20260819_open_meteo_so.csv (48 Zeilen)
2026-08-19 14:47:15,670 [INFO] Lade Forecast Suedwest...
2026-08-19 14:47:15,794 [INFO] Suedwest gespeichert: data/20260819_open_meteo_sw.csv (48 Zeilen)
2026-08-19 14:47:15,806 [INFO] Gesamtforecast gespeichert: data/20260819_open_meteo_complete.csv
2026-08-19 14:48:10,271 [INFO] Lade Forecast Suedost...
2026-08-19 14:48:10,515 [INFO] Suedost gespeichert: data/20260819_open_meteo_so.csv (48 Zeilen)
2026-08-19 14:48:10,515 [INFO] Lade Forecast Suedwest...
2026-08-19 14:48:10,639 [INFO] Suedwest gespeichert: data/20260819_open_meteo_sw.csv (48 Zeilen)
2026-08-19 14:48:10,651 [INFO] Gesamtforecast gespeichert: data/20260819_open_meteo_complete.csv
2026-08-19 14:57:43,388 [INFO] Lade Forecast Suedost...
2026-08-19 14:57:43,605 [INFO] Suedost gespeichert: data/20260819_open_meteo_so.csv (48 Zeilen)
2026-08-19 14:57:43,605 [INFO] Lade Forecast Suedwest...
2026-08-19 14:57:43,746 [INFO] Suedwest gespeichert: data/20260819_open_meteo_sw.csv (48 Zeilen)
2026-08-19 14:57:43,757 [INFO] Gesamtforecast gespeichert: data/20260819_open_meteo_complete.csv
2026-08-19 15:02:16,038 [INFO] Lade Forecast Suedost...
2026-08-19 15:02:16,297 [INFO] Suedost gespeichert: data/20260819_open_meteo_so.csv (48 Zeilen)
2026-08-19 15:02:16,297 [INFO] Lade Forecast Suedwest...
2026-08-19 15:02:16,445 [INFO] Suedwest gespeichert: data/20260819_open_meteo_sw.csv (48 Zeilen)
2026-08-19 15:02:16,457 [INFO] Gesamtforecast gespeichert: data/20260819_open_meteo_complete.csv
2026-08-19 15:02:41,849 [INFO] Lade Forecast Suedost...
2026-08-19 15:02:42,003 [INFO] Suedost gespeichert: data/20260819_open_meteo_so.csv (48 Zeilen)
2026-08-19 15:02:42,003 [INFO] Lade Forecast Suedwest...
2026-08-19 15:02:42,147 [INFO] Suedwest gespeichert: data/20260819_open_meteo_sw.csv (48 Zeilen)
2026-08-19 15:02:42,150 [INFO] Gesamtforecast gespeichert: data/20260819_open_meteo_complete.csv
2026-08-19 15:08:56,916 [INFO] Lade Forecast Suedost...
2026-08-19 15:08:57,162 [INFO] Suedost gespeichert: data/20260819_open_meteo_so.csv (48 Zeilen)
2026-08-19 15:08:57,163 [INFO] Lade Forecast Suedwest...
2026-08-19 15:08:57,305 [INFO] Suedwest gespeichert: data/20260819_open_meteo_sw.csv (48 Zeilen)
2026-08-19 15:08:57,316 [INFO] Gesamtforecast gespeichert: data/20260819_open_meteo_complete.csv
2026-08-19 15:13:22,760 [INFO] Lade Forecast Suedost...
2026-08-19 15:13:23,051 [INFO] Suedost gespeichert: data/20260819_open_meteo_so.csv (48 Zeilen)
2026-08-19 15:13:23,052 [INFO] Lade Forecast Suedwest...
2026-08-19 15:13:23,174 [INFO] Suedwest gespeichert: data/20260819_open_meteo_sw.csv (48 Zeilen)
2026-08-19 15:13:23,222 [INFO] Gesamtforecast gespeichert: data/20260819_open_meteo_complete.csv
2026-08-19 15:18:19,446 [INFO] Lade Forecast Suedost...
2026-08-19 15:18:19,666 [INFO] Suedost gespeichert: data/20260819_open_meteo_so.csv (48 Zeilen)
2026-08-19 15:18:19,666 [INFO] Lade Forecast Suedwest...
2026-08-19 15:18:19,826 [INFO] Suedwest gespeichert: data/20260819_open_meteo_sw.csv (48 Zeilen)
2026-08-19 15:18:19,836 [INFO] Gesamtforecast gespeichert: data/20260819_open_meteo_complete.csv
2026-08-19 15:33:10,989 [INFO] Lade Forecast Suedost...
2026-08-19 15:33:11,215 [INFO] Suedost gespeichert: data/20260819_open_meteo_so.csv (48 Zeilen)
2026-08-19 15:33:11,216 [INFO] Lade Forecast Suedwest...
2026-08-19 15:33:11,341 [INFO] Suedwest gespeichert: data/20260819_open_meteo_sw.csv (48 Zeilen)
2026-08-19 15:33:11,352 [INFO] Gesamtforecast gespeichert: data/20260819_open_meteo_complete.csv
2026-08-19 15:39:05,935 [INFO] Lade Forecast Suedost...
2026-08-19 15:39:06,155 [INFO] Suedost gespeichert: data/20260819_open_meteo_so.csv (48 Zeilen)
2026-08-19 15:39:06,156 [INFO] Lade Forecast Suedwest...
2026-08-19 15:39:06,279 [INFO] Suedwest gespeichert: data/20260819_open_meteo_sw.csv (48 Zeilen)
2026-08-19 15:39:06,290 [INFO] Gesamtforecast gespeichert: data/20260819_open_meteo_complete.csv
2026-08-19 15:43:11,646 [INFO] Lade Forecast Suedost...
2026-08-19 15:43:11,890 [INFO] Suedost gespeichert: data/20260819_open_meteo_so.csv (48 Zeilen)
2026-08-19 15:43:11,890 [INFO] Lade Forecast Suedwest...
2026-08-19 15:43:12,014 [INFO] Suedwest gespeichert: data/20260819_open_meteo_sw.csv (48 Zeilen)
2026-08-19 15:43:12,026 [INFO] Gesamtforecast gespeichert: data/20260819_open_meteo_complete.csv
2026-08-19 15:47:15,913 [INFO] Lade Forecast Suedost...
2026-08-19 15:47:16,166 [INFO] Suedost gespeichert: data/20260819_open_meteo_so.csv (48 Zeilen)
2026-08-19 15:47:16,166 [INFO] Lade Forecast Suedwest...
2026-08-19 15:47:16,289 [INFO] Suedwest gespeichert: data/20260819_open_meteo_sw.csv (48 Zeilen)
2026-08-19 15:47:16,299 [INFO] Gesamtforecast gespeichert: data/20260819_open_meteo_complete.csv
2026-08-19 15:48:04,709 [INFO] Lade Forecast Suedost...
2026-08-19 15:48:04,918 [INFO] Suedost gespeichert: data/20260819_open_meteo_so.csv (48 Zeilen)
2026-08-19 15:48:04,918 [INFO] Lade Forecast Suedwest...
2026-08-19 15:48:05,042 [INFO] Suedwest gespeichert: data/20260819_open_meteo_sw.csv (48 Zeilen)
2026-08-19 15:48:05,055 [INFO] Gesamtforecast gespeichert: data/20260819_open_meteo_complete.csv
2026-08-19 15:57:44,700 [INFO] Lade Forecast Suedost...
2026-08-19 15:57:44,916 [INFO] Suedost gespeichert: data/20260819_open_meteo_so.csv (48 Zeilen)
2026-08-19 15:57:44,916 [INFO] Lade Forecast Suedwest...
2026-08-19 15:57:45,039 [INFO] Suedwest gespeichert: data/20260819_open_meteo_sw.csv (48 Zeilen)
2026-08-19 15:57:45,050 [INFO] Gesamtforecast gespeichert: data/20260819_open_meteo_complete.csv
2026-08-19 16:02:16,131 [INFO] Lade Forecast Suedost...
2026-08-19 16:02:16,360 [INFO] Suedost gespeichert: data/20260819_open_meteo_so.csv (48 Zeilen)
2026-08-19 16:02:16,361 [INFO] Lade Forecast Suedwest...
2026-08-19 16:02:16,484 [INFO] Suedwest gespeichert: data/20260819_open_meteo_sw.csv (48 Zeilen)
2026-08-19 16:02:16,495 [INFO] Gesamtforecast gespeichert: data/20260819_open_meteo_complete.csv
2026-08-19 16:02:42,032 [INFO] Lade Forecast Suedost...
2026-08-19 16:02:42,170 [INFO] Suedost gespeichert: data/20260819_open_meteo_so.csv (48 Zeilen)
2026-08-19 16:02:42,170 [INFO] Lade Forecast Suedwest...
2026-08-19 16:02:42,294 [INFO] Suedwest gespeichert: data/20260819_open_meteo_sw.csv (48 Zeilen)
2026-08-19 16:02:42,315 [INFO] Gesamtforecast gespeichert: data/20260819_open_meteo_complete.csv
2026-08-19 16:08:56,775 [INFO] Lade Forecast Suedost...
2026-08-19 16:08:57,000 [INFO] Suedost gespeichert: data/20260819_open_meteo_so.csv (48 Zeilen)
2026-08-19 16:08:57,000 [INFO] Lade Forecast Suedwest...
2026-08-19 16:08:57,123 [INFO] Suedwest gespeichert: data/20260819_open_meteo_sw.csv (48 Zeilen)
2026-08-19 16:08:57,134 [INFO] Gesamtforecast gespeichert: data/20260819_open_meteo_complete.csv
2026-08-19 16:13:25,133 [INFO] Lade Forecast Suedost...
2026-08-19 16:13:25,390 [INFO] Suedost gespeichert: data/20260819_open_meteo_so.csv (48 Zeilen)
2026-08-19 16:13:25,390 [INFO] Lade Forecast Suedwest...
2026-08-19 16:13:25,514 [INFO] Suedwest gespeichert: data/20260819_open_meteo_sw.csv (48 Zeilen)
2026-08-19 16:13:25,527 [INFO] Gesamtforecast gespeichert: data/20260819_open_meteo_complete.csv
2026-09-24 22:58:11,620 [INFO] Lade historischen Forecast Suedost...
2026-09-24 22:58:11,836 [INFO] Historischer Suedost gespeichert: data/20260816_open_meteo_so.csv (24 Zeilen)
2026-09-24 22:58:11,836 [INFO] Lade historischen Forecast Suedwest...
2026-09-24 22:58:11,968 [INFO] Historischer Suedwest gespeichert: data/20260816_open_meteo_complete.csv (24 Zeilen)
